--- EMC launch at Tue, 28 Jul 2026 19:54:51 +0200 ---

OS - Release:

PRETTY_NAME="Debian GNU/Linux 13 (trixie)"
NAME="Debian GNU/Linux"
VERSION_ID="13"
VERSION="13 (trixie)"
VERSION_CODENAME=trixie
DEBIAN_VERSION_FULL=13.5
ID=debian
HOME_URL="https://www.debian.org/"
SUPPORT_URL="https://www.debian.org/support"
BUG_REPORT_URL="https://bugs.debian.org/"

i3 version 4.24 (2024-11-06)

Polybar Version: 3.7.2
short   Version: 372
Polybar config : /home/hklein/.config/polybar/config.ini

EMC filemanager: pcmanfm

polybar|notice:  Parsing config file: /home/hklein/.config/polybar/config.ini
polybar|notice:  Listening for IPC messages (PID: 17726)
polybar|warn:  No monitor specified, using "DP-2"
polybar|notice:  Loading module 'i3_workspaces' of type 'internal/i3'
polybar|notice:  Loading module 'i3_windows' of type 'internal/xwindow'
polybar|notice:  Loading module 'i3_scratch' of type 'custom/script'
polybar|notice:  Loading module 'i3_move_left' of type 'custom/script'
polybar|notice:  Loading module 'i3_move_right' of type 'custom/script'
polybar|notice:  Loading module 'i3_move_up' of type 'custom/script'
polybar|notice:  Loading module 'i3_move_down' of type 'custom/script'
polybar|notice:  Loading module 'i3_move_to' of type 'custom/script'
polybar|notice:  Loading module 'i3_win' of type 'internal/xwindow'
polybar|notice:  Loading module 'i3_ws' of type 'internal/i3'
polybar|notice:  Loading module 'screenshot' of type 'custom/text'
polybar|notice:  Loading module 'display' of type 'custom/script'
polybar|notice:  Loading module 'pulseaudio' of type 'internal/pulseaudio'
polybar|notice:  pulseaudio: using default sink alsa_output.pci-0000_00_1b.0.analog-stereo
polybar|notice:  Loading module 'keyboard' of type 'internal/xkeyboard'
polybar|notice:  Loading module 'cpu' of type 'internal/cpu'
polybar|notice:  Loading module 'memory' of type 'internal/memory'
polybar|notice:  Loading module 'filesys' of type 'internal/fs'
polybar|notice:  Loading module 'eth' of type 'internal/network'
polybar|notice:  module/eth: Discovered wired interface enp0s25
polybar|notice:  Loading module 'wlan' of type 'internal/network'
polybar|error: Disabling module "wlan" (reason: No interface found for type 'wireless')
polybar|notice:  Loading module 'date' of type 'internal/date'
polybar|notice:  Loading module 'i3_exit' of type 'custom/script'
polybar|notice:  Loaded 20 modules
polybar|notice:  Loaded font "Symbols Nerd Font Mono:style=Regular:size=12.5" (name=Symbols Nerd Font Mono, offset=2, file=/usr/share/fonts/truetype/EMC/SymbolsNerdFontMono-Regular.ttf)
polybar|notice:  Loaded font "Noto Sans:size=12.5" (name=Noto Sans, offset=2, file=/usr/share/fonts/truetype/EMC/NotoSans-Regular.ttf)
polybar|notice:  Loaded font "DejaVu Sans Mono" (name=DejaVu Sans Mono, offset=2, file=/usr/share/fonts/truetype/EMC/DejaVuSansMono.ttf)
polybar|warn:  background_manager: Failed to get root pixmap, default to black (is there a wallpaper?)
polybar|warn:  background_manager: Failed to get root pixmap, default to black (is there a wallpaper?)
polybar|warn:  background_manager: Failed to get root pixmap, default to black (is there a wallpaper?)
polybar|warn:  background_manager: Failed to get root pixmap, default to black (is there a wallpaper?)
